// Jest Snapshot v1, https://goo.gl/fbAQLP

exports[`Checking  Snapshot test will work 1`] = `
<div
  className="SearchBarContainer"
>
  <div
    className="SearchBar"
  >
    <input
      id="searchBar"
      placeholder="Search..."
      type="search"
    />
  </div>
  <div
    className="checkbox"
  >
    <input
      id="inStock"
      type="checkbox"
    />
    <label>
      Only show products in stock
    </label>
  </div>
</div>
`;
